wrong number of arguments! usage: cal input.cal output.cal || cal output.cal
